{"$first":"52px","$second-variable":"red","$global-variable":"#123","$references":"red","$scss-function":"#1e3c59","$scss-function-with-variable":"#0b1520","$image":"url(sample.svg)","$image-with-quotes":"url(\"sample.svg\")","$calculation":"40px","$multiple-variables":"52px solid red","$multiple-calculations":"40px","$gray-50":"#fff","$gray-500":"#f6f6f6","$uses-gray-500":"#f6f6f6","$font-size-small":"15px","$font-size-large":"18px","$icon-font-size":"15px","$icon-font-size-lg":"18px"}